// Jest Snapshot v1, https://goo.gl/fbAQLP

exports[`Weather renders well 1`] = `ShallowWrapper {}`;
